<html>
<body>
<pre>
<h1>µVision Build Log</h1>
<h2>Tool Versions:</h2>
IDE-Version: £gVision V5.24.2.0
Copyright (C) 2017 ARM Ltd and ARM Germany GmbH. All rights reserved.
License Information: Ye Shu-Ting, Mechatronic Lab, LIC=----
 
Tool Versions:
Toolchain:       MDK-Lite  Version: 5.24.1
Toolchain Path:  C:\Keil_v5\ARM\ARMCC\Bin
C Compiler:      Armcc.exe V5.06 update 5 (build 528)
Assembler:       Armasm.exe V5.06 update 5 (build 528)
Linker/Locator:  ArmLink.exe V5.06 update 5 (build 528)
Library Manager: ArmAr.exe V5.06 update 5 (build 528)
Hex Converter:   FromElf.exe V5.06 update 5 (build 528)
CPU DLL:         SARMCM3.DLL V5.24.1
Dialog DLL:      DCM.DLL V1.16.0.0
Target DLL:      STLink\ST-LINKIII-KEIL_SWO.dll V3.0.1.0
Dialog DLL:      TCM.DLL V1.32.0.0
 
<h2>Project:</h2>
d:\stm32\Stm32_Pratice\VCNL4010_I2C_test\MDK-ARM\VCNL4010_I2C_test.uvprojx
Project File Date:  08/01/2023

<h2>Output:</h2>
*** Using Compiler 'V5.06 update 5 (build 528)', folder: 'C:\Keil_v5\ARM\ARMCC\Bin'
Build target 'VCNL4010_I2C_test'
assembling startup_stm32f407xx.s...
compiling stm32f4xx_hal_flash_ramfunc.c...
compiling stm32f4xx_hal_flash.c...
compiling main.c...
../Core/Inc/VCNL_4010.h(69): warning:  #47-D: incompatible redefinition of macro "VCNL4010_LOW_ThreshouldH_REG"  (declared at line 68)
  #define VCNL4010_LOW_ThreshouldH_REG 0x8B
../Core/Inc/VCNL_4010.h(71): warning:  #47-D: incompatible redefinition of macro "VCNL4010_HIGH_ThreshouldH_REG"  (declared at line 70)
  #define VCNL4010_HIGH_ThreshouldH_REG 0x8D
../Core/Inc/VCNL_4010.h(111): warning:  #1-D: last line of file ends without a newline
  #endif
../Core/Src/main.c(67): warning:  #223-D: function "strlen" declared implicitly
    HAL_UART_Transmit(&huart2, (uint8_t *)str, strlen(str), 100);
../Core/Src/main.c: 4 warnings, 0 errors
compiling stm32f4xx_hal_gpio.c...
compiling stm32f4xx_hal_flash_ex.c...
compiling stm32f4xx_hal_pwr.c...
compiling stm32f4xx_it.c...
compiling stm32f4xx_hal_i2c.c...
compiling VCNL_4010.c...
../Core/Inc/VCNL_4010.h(69): warning:  #47-D: incompatible redefinition of macro "VCNL4010_LOW_ThreshouldH_REG"  (declared at line 68)
  #define VCNL4010_LOW_ThreshouldH_REG 0x8B
../Core/Inc/VCNL_4010.h(71): warning:  #47-D: incompatible redefinition of macro "VCNL4010_HIGH_ThreshouldH_REG"  (declared at line 70)
  #define VCNL4010_HIGH_ThreshouldH_REG 0x8D
../Core/Inc/VCNL_4010.h(111): warning:  #1-D: last line of file ends without a newline
  #endif
..\Core\Src\VCNL_4010.c: 3 warnings, 0 errors
compiling stm32f4xx_hal_dma_ex.c...
compiling stm32f4xx_hal_rcc.c...
compiling stm32f4xx_hal_msp.c...
compiling stm32f4xx_hal_i2c_ex.c...
compiling stm32f4xx_hal_dma.c...
compiling stm32f4xx_hal_rcc_ex.c...
compiling stm32f4xx_hal_tim_ex.c...
compiling stm32f4xx_hal_tim.c...
compiling stm32f4xx_hal_pwr_ex.c...
compiling system_stm32f4xx.c...
compiling stm32f4xx_hal_exti.c...
compiling stm32f4xx_hal.c...
compiling stm32f4xx_hal_cortex.c...
compiling stm32f4xx_hal_uart.c...
linking...
Program Size: Code=16066 RO-data=1002 RW-data=32 ZI-data=1784  
FromELF: creating hex file...
"VCNL4010_I2C_test\VCNL4010_I2C_test.axf" - 0 Error(s), 7 Warning(s).

<h2>Software Packages used:</h2>

Package Vendor: ARM
                http://www.keil.com/pack/ARM.CMSIS.5.9.0.pack
                ARM.CMSIS.5.9.0
                CMSIS (Common Microcontroller Software Interface Standard)
   * Component: CORE Version: 5.6.0

Package Vendor: Keil
                http://www.keil.com/pack/Keil.STM32F4xx_DFP.2.16.0.pack
                Keil.STM32F4xx_DFP.2.16.0
                STMicroelectronics STM32F4 Series Device Support, Drivers and Examples

<h2>Collection of Component include folders:</h2>
  .\RTE\_VCNL4010_I2C_test
  C:\Keil_v5\ARM\PACK\ARM\CMSIS\5.9.0\CMSIS\Core\Include
  C:\Keil_v5\ARM\PACK\Keil\STM32F4xx_DFP\2.16.0\Drivers\CMSIS\Device\ST\STM32F4xx\Include

<h2>Collection of Component Files used:</h2>

   * Component: ARM::CMSIS:CORE:5.6.0
Build Time Elapsed:  00:00:12
</pre>
</body>
</html>
